........................................                                 [100%]
=============================== warnings summary ===============================
../../agentscope/.venv/lib/python3.14/site-packages/fastapi/testclient.py:1
  /opt/agentscope/.venv/lib/python3.14/site-packages/fastapi/testclient.py:1: StarletteDeprecationWarning: Using `httpx` with `starlette.testclient` is deprecated; install `httpx2` instead.
    from starlette.testclient import TestClient as TestClient  # noqa

agentscope_app/main.py:210
  /opt/agentscope-task-archive-20261007/backend/agentscope_app/main.py:210: DeprecationWarning:
          on_event is deprecated, use lifespan event handlers instead.

          Read more about it in the
          [FastAPI docs for Lifespan Events](https://fastapi.tiangolo.com/advanced/events/).

    @app.on_event("startup")

../../agentscope/.venv/lib/python3.14/site-packages/fastapi/applications.py:4599
../../agentscope/.venv/lib/python3.14/site-packages/fastapi/applications.py:4599
  /opt/agentscope/.venv/lib/python3.14/site-packages/fastapi/applications.py:4599: DeprecationWarning:
          on_event is deprecated, use lifespan event handlers instead.

          Read more about it in the
          [FastAPI docs for Lifespan Events](https://fastapi.tiangolo.com/advanced/events/).

    return self.router.on_event(event_type)

agentscope_app/main.py:221
  /opt/agentscope-task-archive-20261007/backend/agentscope_app/main.py:221: DeprecationWarning:
          on_event is deprecated, use lifespan event handlers instead.

          Read more about it in the
          [FastAPI docs for Lifespan Events](https://fastapi.tiangolo.com/advanced/events/).

    @app.on_event("shutdown")

-- Docs: https://docs.pytest.org/en/stable/how-to/capture-warnings.html
40 passed, 5 warnings in 0.72s
